Flutter crash report.
Please report a bug at https://github.com/flutter/flutter/issues.

## command

flutter run -d chrome --web-port 5200

## exception

TimeoutException: TimeoutException after 0:00:05.000000: Future not completed

```
#0      Future.timeout.<anonymous closure> (dart:async/future_impl.dart:1042:24)
<asynchronous suspension>
#1      WebkitDebugger.enable (package:dwds/src/debugging/webkit_debugger.dart:158:9)
<asynchronous suspension>
#2      Debugger._initialize (package:dwds/src/debugging/debugger.dart:253:5)
<asynchronous suspension>
#3      Debugger.create (package:dwds/src/debugging/debugger.dart:232:5)
<asynchronous suspension>
#4      ChromeProxyService.createIsolate (package:dwds/src/services/chrome/chrome_proxy_service.dart:282:22)
<asynchronous suspension>
#5      ChromeProxyService.create (package:dwds/src/services/chrome/chrome_proxy_service.dart:144:5)
<asynchronous suspension>
#6      ChromeDebugService.start (package:dwds/src/services/chrome/chrome_debug_service.dart:76:32)
<asynchronous suspension>
#7      DevHandler._createChromeAppServices (package:dwds/src/handlers/dev_handler.dart:363:26)
<asynchronous suspension>
#8      DevHandler.loadAppServices (package:dwds/src/handlers/dev_handler.dart:333:23)
<asynchronous suspension>
#9      DevHandler.createDebugConnectionForChrome (package:dwds/src/handlers/dev_handler.dart:654:30)
<asynchronous suspension>
#10     Dwds.debugConnection (package:dwds/dart_web_debug_service.dart:68:14)
<asynchronous suspension>
#11     WebDevFS.connect.<anonymous closure> (package:flutter_tools/src/isolated/devfs_web.dart:160:17)
<asynchronous suspension>
```

## flutter doctor

```
[32m[✓][39m Flutter (Channel stable, 3.44.0, on Microsoft Windows [Version
    10.0.26200.9278], locale en-US) [2.2s]
    [32m•[39m Flutter version 3.44.0 on channel stable at D:\flutter
    [32m•[39m Upstream repository https://github.com/flutter/flutter.git
    [32m•[39m Framework revision 559ffa3f75 (4 months ago), 2026-05-15
      14:13:13 -0700
    [32m•[39m Engine revision 4c525dac5e
    [32m•[39m Dart version 3.12.0
    [32m•[39m DevTools version 2.57.0
    [32m•[39m Feature flags: enable-web, enable-linux-desktop,
      enable-macos-desktop, enable-windows-desktop, enable-android,
      enable-ios, cli-animations, enable-native-assets,
      enable-swift-package-manager, omit-legacy-version-file,
      enable-lldb-debugging, enable-uiscene-migration

[32m[✓][39m Windows Version (Windows 11 or higher, 25H2, 2009) [14.5s]

[33m[!][39m Android toolchain - develop for Android devices (Android SDK
    version 34.0.0) [40.1s]
    [32m•[39m Android SDK at D:/Android/Sdk
    [32m•[39m Emulator version 35.1.21.0 (build_id 12325540) (CL:N/A)
    [31m✗[39m Flutter requires Android SDK 36 and the Android BuildTools
      28.0.3
      To update the Android SDK visit
      https://flutter.dev/to/windows-android-setup for detailed
      instructions.
    [32m•[39m All Android licenses accepted.

[32m[✓][39m Chrome - develop for the web [1,247ms]
    [32m•[39m Chrome at C:\Program
      Files\Google\Chrome\Application\chrome.exe

[33m[!][39m Visual Studio - develop Windows apps (SQL Server Management
    Studio 22 22.9.0) [1,244ms]
    [32m•[39m Visual Studio at C:\Program Files\Microsoft SQL Server
      Management Studio 22\Release
    [32m•[39m SQL Server Management Studio 22 version 22.9.12105.275
    [32m•[39m Windows 10 SDK version 10.0.18362.0
    [31m✗[39m Visual Studio is missing necessary components. Please re-run
      the Visual Studio installer for the "Desktop development with
      C++" workload, and include these components:
        MSVC v142 - VS 2019 C++ x64/x86 build tools
         - If there are multiple build tool versions available,
         install the latest
        C++ CMake tools for Windows
        Windows 10 SDK

[32m[✓][39m Connected device (3 available) [16.7s]
    [32m•[39m Windows (desktop) • windows • windows-x64    • Microsoft
      Windows [Version 10.0.26200.9278]
    [32m•[39m Chrome (web)      • chrome  • web-javascript • Google Chrome
      153.0.8010.50
    [32m•[39m Edge (web)        • edge    • web-javascript • Microsoft Edge
      153.0.4234.32

[33m[!][39m Network resources [23.1s]
    [31m✗[39m A network error occurred while checking "https://pub.dev/":
      Failed host lookup: 'pub.dev'
    [31m✗[39m A network error occurred while checking
      "https://storage.googleapis.com/": Failed host lookup:
      'storage.googleapis.com'
    [31m✗[39m A network error occurred while checking
      "https://maven.google.com/": Failed host lookup:
      'maven.google.com'
    [31m✗[39m A network error occurred while checking
      "https://cocoapods.org/": Failed host lookup: 'cocoapods.org'
    [31m✗[39m A network error occurred while checking
      "https://github.com/": Failed host lookup: 'github.com'

[33m![39m Doctor found issues in 3 categories.
```
